// Jest Snapshot v1, https://goo.gl/fbAQLP

exports[`<Home /> 로그인/회원가입 페이지가 렌더링 되고 스냅샷을 비교한다 1`] = `
<div>
  <div
    class="sc-kDvujY cwVVHS"
  >
    <div
      class="sc-ipEyDJ hflXJS"
    >
      <div
        class="sc-dkrFOg jcNiDM"
      >
        <a
          href="/"
        >
          mogaco
        </a>
      </div>
      <div
        class="sc-eDWCr cGxhHB"
      >
        오늘도
        <br />
        모가코,
      </div>
    </div>
    <div
      class="sc-bqWxrE iEntZY"
    >
      <div
        class="sc-ksBlkl RdDIT"
      >
        <ul>
          <li
            role="sign-in"
          >
            로그인
          </li>
          <li
            role="sign-up"
          >
            회원가입
          </li>
        </ul>
      </div>
      <div
        class="sc-hLBbgP FbSkc"
      >
        <form
          class="sc-eDvSVe juBFCv"
        >
          <div
            class="sc-jSUZER jhgDYF"
          >
            <input
              name="email"
              placeholder="이메일 입력하세요"
            />
            <span>
              이메일
            </span>
          </div>
          <div
            class="sc-jSUZER jhgDYF"
          >
            <input
              name="password"
              placeholder="비밀번호를 입력하세요"
              type="password"
            />
            <span>
              비밀번호
            </span>
          </div>
          <button>
            로그인
          </button>
          <div
            class="sc-gKPRtg eEOnMt"
          >
            아직 모가코 회원이 아니닌가요? 
            <span>
              모가코와 함께하기
            </span>
          </div>
        </form>
      </div>
    </div>
  </div>
</div>
`;

exports[`<Home /> 회원가입 버튼 클릭 시 로그인 폼이 아닌 회원 가입이 보여야한다 1`] = `
<div>
  <div
    class="sc-kDvujY cwVVHS"
  >
    <div
      class="sc-ipEyDJ hflXJS"
    >
      <div
        class="sc-dkrFOg jcNiDM"
      >
        <a
          href="/"
        >
          mogaco
        </a>
      </div>
      <div
        class="sc-eDWCr cGxhHB"
      >
        오늘도
        <br />
        모가코,
      </div>
    </div>
    <div
      class="sc-bqWxrE iEntZY"
    >
      <div
        class="sc-ksBlkl RdDIT"
      >
        <ul>
          <li
            role="sign-in"
          >
            로그인
          </li>
          <li
            role="sign-up"
          >
            회원가입
          </li>
        </ul>
      </div>
      <div
        class="sc-hLBbgP FbSkc"
      >
        <form
          class="sc-eDvSVe juBFCv"
        >
          <div
            class="sc-jSUZER jhgDYF"
          >
            <input
              name="email"
              placeholder="이메일 입력하세요"
            />
            <span>
              이메일
            </span>
          </div>
          <div
            class="sc-jSUZER jhgDYF"
          >
            <input
              name="password"
              placeholder="비밀번호를 입력하세요"
              type="password"
            />
            <span>
              비밀번호
            </span>
          </div>
          <button>
            로그인
          </button>
          <div
            class="sc-gKPRtg eEOnMt"
          >
            아직 모가코 회원이 아니닌가요? 
            <span>
              모가코와 함께하기
            </span>
          </div>
        </form>
      </div>
    </div>
  </div>
</div>
`;

exports[`<Sign /> 로그인/회원가입 페이지가 렌더링 되고 스냅샷을 비교한다 1`] = `
<div>
  <div
    class="sc-kDvujY cwVVHS"
  >
    <div
      class="sc-ipEyDJ hflXJS"
    >
      <div
        class="sc-dkrFOg jcNiDM"
      >
        <a
          href="/"
        >
          mogaco
        </a>
      </div>
      <div
        class="sc-eDWCr cGxhHB"
      >
        오늘도
        <br />
        모가코,
      </div>
    </div>
    <div
      class="sc-bqWxrE iEntZY"
    >
      <div
        class="sc-ksBlkl RdDIT"
      >
        <ul>
          <li
            role="sign-in"
          >
            로그인
          </li>
          <li
            role="sign-up"
          >
            회원가입
          </li>
        </ul>
      </div>
      <div
        class="sc-hLBbgP FbSkc"
      >
        <form
          class="sc-eDvSVe juBFCv"
        >
          <div
            class="sc-jSUZER jhgDYF"
          >
            <input
              name="email"
              placeholder="이메일 입력하세요"
            />
            <span>
              이메일
            </span>
          </div>
          <div
            class="sc-jSUZER jhgDYF"
          >
            <input
              name="password"
              placeholder="비밀번호를 입력하세요"
              type="password"
            />
            <span>
              비밀번호
            </span>
          </div>
          <button>
            로그인
          </button>
          <div
            class="sc-gKPRtg eEOnMt"
          >
            아직 모가코 회원이 아니닌가요? 
            <span>
              모가코와 함께하기
            </span>
          </div>
        </form>
      </div>
    </div>
  </div>
</div>
`;
